
> build
> next build

npm :  ΓÜá You are using a non-standard "NODE_ENV" value in your environment. This creates inconsistencies in the 
project and is strongly advised against. Read more: https://nextjs.org/docs/messages/non-standard-node-env
At line:1 char:25
+ cd "D:\boq\platforms" ; npm run build > build_output.txt 2>&1 ; Get-C ...
+                         ~~~~~~~~~~~~~~~~~~~~~~~~~~~~~~~~~~~~~
    + CategoryInfo          : NotSpecified: ( ΓÜá You are us...andard-node-env:String) [], RemoteException
    + FullyQualifiedErrorId : NativeCommandError
 
   Γû▓ Next.js 15.3.2
   - Environments: .env.local, .env

   Creating an optimized production build ...
 Γ£ô Compiled successfully in 9.0s
   Linting and checking validity of types ...
   Collecting page data ...
Γ£ô Loaded 0 WhatsApp endpoints from ENV
Γ£ô Loaded 0 WhatsApp endpoints from ENV
Γ£ô Loaded 0 WhatsApp endpoints from ENV
Γ£ô Loaded 0 WhatsApp endpoints from ENV
Γ£ô Loaded 0 WhatsApp endpoints from ENV
Γ£ô Loaded 0 WhatsApp endpoints from ENV
Γ£ô Loaded 0 WhatsApp endpoints from ENV
   Generating static pages (0/88) ...
Error: <Html> should not be imported outside of pages/_document.
Read more: https://nextjs.org/docs/messages/no-document-import-in-page
    at y (D:\boq\platforms\.next\server\chunks\8548.js:6:1351)
Error occurred prerendering page "/404". Read more: https://nextjs.org/docs/messages/prerender-error
Error: <Html> should not be imported outside of pages/_document.
Read more: https://nextjs.org/docs/messages/no-document-import-in-page
    at K (D:\boq\platforms\node_modules\next\dist\compiled\next-server\pages.runtime.prod.js:16:6526)
    at y (D:\boq\platforms\.next\server\chunks\8548.js:6:1351)
    at Object.react_stack_bottom_frame 
(D:\boq\platforms\node_modules\react-dom\cjs\react-dom-server.edge.development.js:10313:18)
    at renderWithHooks (D:\boq\platforms\node_modules\react-dom\cjs\react-dom-server.edge.development.js:5399:19)
    at renderElement (D:\boq\platforms\node_modules\react-dom\cjs\react-dom-server.edge.development.js:5834:23)
    at retryNode (D:\boq\platforms\node_modules\react-dom\cjs\react-dom-server.edge.development.js:6765:31)
    at renderNodeDestructive (D:\boq\platforms\node_modules\react-dom\cjs\react-dom-server.edge.development.js:6715:11)
    at renderElement (D:\boq\platforms\node_modules\react-dom\cjs\react-dom-server.edge.development.js:5820:11)
    at retryNode (D:\boq\platforms\node_modules\react-dom\cjs\react-dom-server.edge.development.js:6765:31)
    at renderNodeDestructive (D:\boq\platforms\node_modules\react-dom\cjs\react-dom-server.edge.development.js:6715:11)
Export encountered an error on /_error: /404, exiting the build.
 Γ¿» Next.js build worker exited with code: 1 and signal: null
